// Jest Snapshot v1, https://goo.gl/fbAQLP

exports[`All Artworks renders correctly with data 1`] = `
<DocumentFragment>
  <div
    class="all-artworks"
  >
    <div
      class="all-artworks__thumbnail"
    >
      <div
        class="all-artworks__thumbnail-container"
      >
        <object
          alt="Artwork"
          class="all-artworks__thumbnail-image"
          data="Test Image"
          type="application/pdf"
        >
          Test Product
        </object>
        <div
          class="all-artworks__thumbnail-image__foreground"
        >
          <a
            class="all-artworks__thumbnail-link"
            href="Test Image"
            rel="noreferrer"
            target="_blank"
          >
            Full View
          </a>
          <button
            class="all-artworks__thumbnail-delete"
            type="button"
          >
            Delete
          </button>
        </div>
      </div>
      <ul
        class="all-artworks__thumbnail-list"
      >
        <li
          class="all-artworks__thumbnail-company"
        >
          Test Company
        </li>
        <li
          class="all-artworks__thumbnail-product"
        >
          Test Product
        </li>
        <li
          class="all-artworks__thumbnail-part-number"
        >
          Test Part Number
        </li>
        <li
          class="all-artworks__thumbnail-date"
        >
          14/07/2021
        </li>
      </ul>
    </div>
    <div
      class="all-artworks__thumbnail"
    >
      <div
        class="all-artworks__thumbnail-container"
      >
        <object
          alt="Artwork"
          class="all-artworks__thumbnail-image"
          data="Second Test Image"
          type="application/pdf"
        >
          Second Test Product
        </object>
        <div
          class="all-artworks__thumbnail-image__foreground"
        >
          <a
            class="all-artworks__thumbnail-link"
            href="Second Test Image"
            rel="noreferrer"
            target="_blank"
          >
            Full View
          </a>
          <button
            class="all-artworks__thumbnail-delete"
            type="button"
          >
            Delete
          </button>
        </div>
      </div>
      <ul
        class="all-artworks__thumbnail-list"
      >
        <li
          class="all-artworks__thumbnail-company"
        >
          Second Test Company
        </li>
        <li
          class="all-artworks__thumbnail-product"
        >
          Second Test Product
        </li>
        <li
          class="all-artworks__thumbnail-part-number"
        >
          Second Test Part Number
        </li>
        <li
          class="all-artworks__thumbnail-date"
        >
          21/03/2023
        </li>
      </ul>
    </div>
    <div
      class="all-artworks__thumbnail"
    >
      <div
        class="all-artworks__thumbnail-container"
      >
        <object
          alt="Artwork"
          class="all-artworks__thumbnail-image"
          data="Third Test Image"
          type="application/pdf"
        >
          Third Test Product
        </object>
        <div
          class="all-artworks__thumbnail-image__foreground"
        >
          <a
            class="all-artworks__thumbnail-link"
            href="Third Test Image"
            rel="noreferrer"
            target="_blank"
          >
            Full View
          </a>
          <button
            class="all-artworks__thumbnail-delete"
            type="button"
          >
            Delete
          </button>
        </div>
      </div>
      <ul
        class="all-artworks__thumbnail-list"
      >
        <li
          class="all-artworks__thumbnail-company"
        >
          Third Test Company
        </li>
        <li
          class="all-artworks__thumbnail-product"
        >
          Third Test Product
        </li>
        <li
          class="all-artworks__thumbnail-part-number"
        >
          Third Test Part Number
        </li>
        <li
          class="all-artworks__thumbnail-date"
        >
          10/07/2022
        </li>
      </ul>
    </div>
  </div>
</DocumentFragment>
`;
