// Jest Snapshot v1, https://goo.gl/fbAQLP

exports[`renders correctly 1`] = `
<DocumentFragment>
  <div
    class="App"
  >
    <img
      alt="Certags Logo"
      class="App__certags-logo"
      src="certags-web.png"
    />
    <nav
      class="navbar"
    >
      <ul
        class="navbar__list"
      >
        <li
          class="navbar__list__all-artworks"
        >
          <a
            class="navbar__list__all-artworks__link"
            href="/"
          >
            All Artworks
          </a>
        </li>
        <li>
          <a
            class="navbar__list__all-artworks__link"
            href="/add-artwork"
          >
            Add Artwork
          </a>
        </li>
      </ul>
    </nav>
    <div
      class="all-artworks__error"
    >
      <p>
        If the artworks haven't loaded after a while there may be a problem with the server
      </p>
    </div>
  </div>
</DocumentFragment>
`;
